import { thisLineNumber } from "../common/line-nr.js";
/*import type { ISomeType } from "../common/line-nr.js";*/

const test = async () => {
  const lineNr = await thisLineNumber();
  const expectedLineNr = 5;
  if (lineNr !== expectedLineNr) {
    throw Error(`line number is not ${expectedLineNr} but ${lineNr}`);
  }
};

/*type TSomeType = ISomeType;*/

export {
  test,
};

/*export type {
  TSomeType
};*/
